[cdnjs.cloudflare.com/ajax/libs/font-awesome/5.14.0/css/all.min.css]
[example.com/crazygames-sdk-v1.5.delayed]
[example.com/libs/aiptag/pub/SSK/shellshock.io/tag.min.6.delayed]
[www.gstatic.com/firebasejs/7.21.1/firebase-app.js]
[www.gstatic.com/firebasejs/7.21.1/firebase-auth.js]
[www.gstatic.com/firebasejs/ui/4.6.1/firebase-ui-auth.js]
[connect.facebook.net/en_US/fbevents.js]
[example.com/sdks/OneSignalSDK.d.delayed]
[tam-shellshock.swell.cl/js/vue/vue.min.2.6.10.js]
[backblue.gif]
[fade.gif]
[index.html]
[tam-shellshock.swell.cl/favicon.ico]
[tam-shellshock.swell.cl/favicon192.png]
[tam-shellshock.swell.cl/src/shellshock6af1.js]
[tam-shellshock.swell.cl/img/vip-club/vip-club-popup-emblem.png]
[tam-shellshock.swell.cl/img/ico_goldenEgg.png]
[tam-shellshock.swell.cl/img/rickroll.gif]
[tam-shellshock.swell.cl/img/egg-shop-banner-left.png]
[tam-shellshock.swell.cl/img/vip-club/vip-club-emblem-sm.png]
[tam-shellshock.swell.cl/img/logo.png]
[tam-shellshock.swell.cl/img/ico_eggColour_normal.png]
[tam-shellshock.swell.cl/img/ico_weapon_assaultRifle.png]
[tam-shellshock.swell.cl/img/ico_weapon_shotgun.png]
[tam-shellshock.swell.cl/img/ico_weapon_sniper.png]
[tam-shellshock.swell.cl/img/ico_weapon_rocketLauncher.png]
[tam-shellshock.swell.cl/img/ico_weapon_SMG.png]
[tam-shellshock.swell.cl/img/ico_weapon_boltAction.png]
[tam-shellshock.swell.cl/img/ico_weapon_aug.png]
[tam-shellshock.swell.cl/img/chicken-nugget/goldenNugget_static.png]
[tam-shellshock.swell.cl/img/vip-club/vip-club-call-to-action.png]
[tam-shellshock.swell.cl/img/pricetag_left.png]
[tam-shellshock.swell.cl/img/pricetag_right.png]
[tam-shellshock.swell.cl/img/ico_grenadeEmpty3860.png]
[tam-shellshock.swell.cl/img/hardBoiledEmpty.png]
[tam-shellshock.swell.cl/img/hardBoiledFilled.png]
[tam-shellshock.swell.cl/img/ico_eggBreaker.png]
[tam-shellshock.swell.cl/img/spatulaIcon.png]
[tam-shellshock.swell.cl/index.html]
[cdnjs.cloudflare.com/ajax/libs/font-awesome/5.14.0/css/all.min.css]
[tam-shellshock.swell.cl/styles/transitionsa728.css]
[tam-shellshock.swell.cl/styles/forms3cfc.css]
[tam-shellshock.swell.cl/img/ico_weaponPrimary_faded.png]
[tam-shellshock.swell.cl/img/ico_weaponSecondary_faded.png]
[tam-shellshock.swell.cl/img/ico_hat_faded.png]
[tam-shellshock.swell.cl/img/ico_stamp_faded.png]
[tam-shellshock.swell.cl/img/pricetag_loop.png]
[tam-shellshock.swell.cl/img/ico_cart.png]
[tam-shellshock.swell.cl/img/ico_twitch.png]
[tam-shellshock.swell.cl/img/ico_youtube.png]
[tam-shellshock.swell.cl/img/ico_arrowLeftSheet.png]
[tam-shellshock.swell.cl/img/ico_arrowRightSheet.png]
[tam-shellshock.swell.cl/img/ico_closeButton_states.png]
[tam-shellshock.swell.cl/img/vip-club/vip-club-give-stuff-popup-background.jpg]
[tam-shellshock.swell.cl/img/vip-club/vip-club-popup-background.png]
[tam-shellshock.swell.cl/img/vip-club/vip-club-popup-bullet-point-star.png]
[tam-shellshock.swell.cl/styles/style3cfc.css]
[tam-shellshock.swell.cl/img/ico_streak.png]
[tam-shellshock.swell.cl/img/ico_ammo.png]
[tam-shellshock.swell.cl/img/scope.png]
[tam-shellshock.swell.cl/styles/game3cfc.css]
[example.com/crazygames-sdk-v1.html]
[example.com/libs/aiptag/pub/SSK/shellshock.io/tag.min.html]
[www.googletagmanager.com/gtm5445.html]
[www.gstatic.com/images/icons/material/system/2x/done_googgreen_36dp.png]
[www.gstatic.com/images/icons/material/system/1x/arrow_drop_down_grey600_18dp.png]
[www.gstatic.com/firebasejs/ui/2.0.0/images/auth/flags_sprite_2x.png]
[www.gstatic.com/images/icons/material/system/1x/visibility_black_24dp.png]
[www.gstatic.com/images/icons/material/system/1x/visibility_off_black_24dp.png]
[www.gstatic.com/firebasejs/ui/2.0.0/images/auth/success_status.png]
[www.gstatic.com/firebasejs/ui/4.6.1/firebase-ui-auth.css]
[connect.facebook.net/en_US/fbevents.js]
[example.com/sdks/OneSignalSDK.html]
[tam-shellshock.swell.cl/favicon256.html]
[tam-shellshock.swell.cl/GET.html]
[tam-shellshock.swell.cl/parent.html]
[tam-shellshock.swell.cl/thesuperstatic.gq/websocket/index.html]
[tam-shellshock.swell.cl/onebigstatic-tmm.tbt.mx/websocket/index.html]
[tam-shellshock.swell.cl/img/controller/button_stickleft.svg]
[tam-shellshock.swell.cl/img/controller/button_stickright.svg]
[tam-shellshock.swell.cl/img/controller/button_dpadup.svg]
[tam-shellshock.swell.cl/img/controller/button_dpaddown.svg]
[tam-shellshock.swell.cl/img/controller/button_dpadleft.svg]
[tam-shellshock.swell.cl/img/controller/button_dpadright.svg]
[tam-shellshock.swell.cl/img/controller/button_circle.svg]
[tam-shellshock.swell.cl/img/controller/button_square.svg]
[tam-shellshock.swell.cl/img/controller/button_triangle.svg]
[tam-shellshock.swell.cl/app_nugget/appmanifest.json]
[tam-shellshock.swell.cl/app_nugget/icon-256.png]
[tam-shellshock.swell.cl/app_nugget/jquery-2.1.1.min.js]
[tam-shellshock.swell.cl/app_nugget/c2runtime.js]
[tam-shellshock.swell.cl/app_nugget/sw.js]
[tam-shellshock.swell.cl/app_nugget/index.html]
[tam-shellshock.swell.cl/maps/index.html]
[tam-shellshock.swell.cl/styles/img/ico_chicken.html]
[tam-shellshock.swell.cl/POST.html]
[tam-shellshock.swell.cl/app_nugget/thesuperstatic.gq/websocket/index.html]
[tam-shellshock.swell.cl/app_nugget/GET.html]
[tam-shellshock.swell.cl/app_nugget/onebigstatic-tmm.tbt.mx/websocket/index.html]
